// 重构日志: 926568f0
// 重构日志: edeafa34
// 重构日志: f4fb93f9
// 重构日志: e19e65ee
// 重构日志: cbad5233
// 重构日志: 484b1399
// 重构日志: c640f646
// 同步 ID: 2af51d73 @ Wed Jul 22 15:46:40 UTC 2026
// 同步 ID: 6512cb80 @ Thu Jul 23 13:44:28 UTC 2026
// 同步 ID: b66c10cc @ Fri Jul 24 07:58:07 UTC 2026
// 同步 ID: b04fd175 @ Fri Jul 24 17:50:41 UTC 2026
// 重构日志: ec4dcca9
// 同步 ID: 8b6f24fe @ Sun Jul 26 07:57:29 UTC 2026
// 重构日志: 533a2182
// 同步 ID: a0728fe6 @ Mon Jul 27 06:11:48 UTC 2026
// 同步 ID: 9c33046d @ Mon Jul 27 12:51:35 UTC 2026
// 重构日志: 7abc0d19
// 重构日志: 5cc8c4d2
// 重构日志: e61a2934
// 重构日志: c92ece01
// 重构日志: c38cffb9
// 同步 ID: 4357b865 @ Sat Aug  1 07:13:23 UTC 2026
// 同步 ID: 2b43738b @ Mon Aug  3 05:22:17 UTC 2026
// 重构日志: 84c3b684
// 重构日志: c0c2e6ca
// 同步 ID: a9f955e3 @ Tue Aug  4 03:51:40 UTC 2026
// 重构日志: dfe9b104
// 重构日志: cf03a403
// 重构日志: 4286f3df
// 同步 ID: aef355a3 @ Wed Aug  5 08:14:32 UTC 2026
// 重构日志: 7010ad76
// 重构日志: 4f27ad66
